../BlueNRG_MS/App/app_bluenrg_ms.c:97:6:MX_BlueNRG_MS_Init	56	static
../BlueNRG_MS/App/app_bluenrg_ms.c:218:6:MX_BlueNRG_MS_Process	8	static
../BlueNRG_MS/App/app_bluenrg_ms.c:238:13:User_Init	8	static
../BlueNRG_MS/App/app_bluenrg_ms.c:253:13:User_Process	24	static
../BlueNRG_MS/App/app_bluenrg_ms.c:324:13:Set_Random_Environmental_Values	48	static
../BlueNRG_MS/App/app_bluenrg_ms.c:335:13:Set_Random_Motion_Values	1032	static
../BlueNRG_MS/App/app_bluenrg_ms.c:376:13:Reset_Motion_Values	4	static
../BlueNRG_MS/App/app_bluenrg_ms.c:397:6:BSP_PB_Callback	16	static
