../Core/Src/main.c:86:5:main	8	static
../Core/Src/main.c:148:6:SystemClock_Config	96	static
../Core/Src/main.c:209:13:MX_DFSDM1_Init	8	static
../Core/Src/main.c:247:13:MX_I2C2_Init	8	static
../Core/Src/main.c:295:13:MX_QUADSPI_Init	8	static
../Core/Src/main.c:328:13:MX_SPI3_Init	8	static
../Core/Src/main.c:368:13:MX_TIM2_Init	64	static
../Core/Src/main.c:427:13:MX_USART1_UART_Init	8	static
../Core/Src/main.c:462:13:MX_USART3_UART_Init	8	static
../Core/Src/main.c:497:13:MX_USB_OTG_FS_PCD_Init	8	static
../Core/Src/main.c:532:13:MX_GPIO_Init	48	static
../Core/Src/main.c:720:6:Error_Handler	4	static,ignoring_inline_asm
