../Drivers/STM32L4xx_HAL_Driver/Src/stm32l475e_iot01.c:126:10:BSP_GetVersion	4	static
../Drivers/STM32L4xx_HAL_Driver/Src/stm32l475e_iot01.c:137:6:BSP_LED_Init	40	static
../Drivers/STM32L4xx_HAL_Driver/Src/stm32l475e_iot01.c:157:6:BSP_LED_DeInit	40	static
../Drivers/STM32L4xx_HAL_Driver/Src/stm32l475e_iot01.c:175:6:BSP_LED_On	16	static
../Drivers/STM32L4xx_HAL_Driver/Src/stm32l475e_iot01.c:186:6:BSP_LED_Off	16	static
../Drivers/STM32L4xx_HAL_Driver/Src/stm32l475e_iot01.c:197:6:BSP_LED_Toggle	16	static
../Drivers/STM32L4xx_HAL_Driver/Src/stm32l475e_iot01.c:213:6:BSP_PB_Init	40	static
../Drivers/STM32L4xx_HAL_Driver/Src/stm32l475e_iot01.c:254:6:BSP_PB_DeInit	40	static
../Drivers/STM32L4xx_HAL_Driver/Src/stm32l475e_iot01.c:270:10:BSP_PB_GetState	16	static
../Drivers/STM32L4xx_HAL_Driver/Src/stm32l475e_iot01.c:283:6:BSP_COM_Init	48	static
../Drivers/STM32L4xx_HAL_Driver/Src/stm32l475e_iot01.c:321:6:BSP_COM_DeInit	16	static
../Drivers/STM32L4xx_HAL_Driver/Src/stm32l475e_iot01.c:347:13:I2Cx_MspInit	48	static
../Drivers/STM32L4xx_HAL_Driver/Src/stm32l475e_iot01.c:389:13:I2Cx_MspDeInit	40	static
../Drivers/STM32L4xx_HAL_Driver/Src/stm32l475e_iot01.c:408:13:I2Cx_Init	16	static
../Drivers/STM32L4xx_HAL_Driver/Src/stm32l475e_iot01.c:433:13:I2Cx_DeInit	16	static
../Drivers/STM32L4xx_HAL_Driver/Src/stm32l475e_iot01.c:449:26:I2Cx_ReadMultiple	48	static
../Drivers/STM32L4xx_HAL_Driver/Src/stm32l475e_iot01.c:474:26:I2Cx_WriteMultiple	48	static
../Drivers/STM32L4xx_HAL_Driver/Src/stm32l475e_iot01.c:497:26:I2Cx_IsDeviceReady	24	static
../Drivers/STM32L4xx_HAL_Driver/Src/stm32l475e_iot01.c:508:13:I2Cx_Error	16	static
../Drivers/STM32L4xx_HAL_Driver/Src/stm32l475e_iot01.c:530:6:SENSOR_IO_Init	8	static
../Drivers/STM32L4xx_HAL_Driver/Src/stm32l475e_iot01.c:539:6:SENSOR_IO_DeInit	8	static
../Drivers/STM32L4xx_HAL_Driver/Src/stm32l475e_iot01.c:551:6:SENSOR_IO_Write	24	static
../Drivers/STM32L4xx_HAL_Driver/Src/stm32l475e_iot01.c:562:9:SENSOR_IO_Read	32	static
../Drivers/STM32L4xx_HAL_Driver/Src/stm32l475e_iot01.c:580:10:SENSOR_IO_ReadMultiple	24	static
../Drivers/STM32L4xx_HAL_Driver/Src/stm32l475e_iot01.c:594:6:SENSOR_IO_WriteMultiple	24	static
../Drivers/STM32L4xx_HAL_Driver/Src/stm32l475e_iot01.c:606:19:SENSOR_IO_IsDeviceReady	16	static
../Drivers/STM32L4xx_HAL_Driver/Src/stm32l475e_iot01.c:617:6:SENSOR_IO_Delay	16	static
../Drivers/STM32L4xx_HAL_Driver/Src/stm32l475e_iot01.c:629:6:NFC_IO_Init	40	static
../Drivers/STM32L4xx_HAL_Driver/Src/stm32l475e_iot01.c:671:6:NFC_IO_DeInit	8	static
../Drivers/STM32L4xx_HAL_Driver/Src/stm32l475e_iot01.c:683:10:NFC_IO_ReadMultiple	32	static
../Drivers/STM32L4xx_HAL_Driver/Src/stm32l475e_iot01.c:709:10:NFC_IO_WriteMultiple	32	static
../Drivers/STM32L4xx_HAL_Driver/Src/stm32l475e_iot01.c:734:10:NFC_IO_IsDeviceReady	32	static
../Drivers/STM32L4xx_HAL_Driver/Src/stm32l475e_iot01.c:762:6:NFC_IO_ReadState	16	static
../Drivers/STM32L4xx_HAL_Driver/Src/stm32l475e_iot01.c:771:6:NFC_IO_RfDisable	16	static
../Drivers/STM32L4xx_HAL_Driver/Src/stm32l475e_iot01.c:781:6:NFC_IO_Delay	16	static
