../Core/Src/main.c:111:5:main	16	static
../Core/Src/main.c:209:6:SystemClock_Config	96	static
../Core/Src/main.c:270:13:MX_DFSDM1_Init	8	static
../Core/Src/main.c:308:13:MX_I2C2_Init	8	static
../Core/Src/main.c:356:13:MX_QUADSPI_Init	8	static
../Core/Src/main.c:389:13:MX_SPI3_Init	8	static
../Core/Src/main.c:429:13:MX_USART1_UART_Init	8	static
../Core/Src/main.c:464:13:MX_USART3_UART_Init	8	static
../Core/Src/main.c:499:13:MX_USB_OTG_FS_PCD_Init	8	static
../Core/Src/main.c:534:13:MX_GPIO_Init	48	static
../Core/Src/main.c:721:6:TimerCallback	16	static
../Core/Src/main.c:726:6:HAL_GPIO_EXTI_Callback	24	static
../Core/Src/main.c:762:6:StartDefaultTask	16	static
../Core/Src/main.c:778:6:StartTask02	24	static
../Core/Src/main.c:807:6:StartTask01	32	static
../Core/Src/main.c:843:6:Error_Handler	4	static,ignoring_inline_asm
