../Drivers/BSP/B-L475E-IOT01A1/b_l475e_iot01a1.c:100:9:BSP_GetVersion	4	static
../Drivers/BSP/B-L475E-IOT01A1/b_l475e_iot01a1.c:112:9:BSP_LED_Init	16	static
../Drivers/BSP/B-L475E-IOT01A1/b_l475e_iot01a1.c:127:9:BSP_LED_DeInit	40	static
../Drivers/BSP/B-L475E-IOT01A1/b_l475e_iot01a1.c:150:9:BSP_LED_On	16	static
../Drivers/BSP/B-L475E-IOT01A1/b_l475e_iot01a1.c:167:9:BSP_LED_Off	16	static
../Drivers/BSP/B-L475E-IOT01A1/b_l475e_iot01a1.c:184:9:BSP_LED_Toggle	16	static
../Drivers/BSP/B-L475E-IOT01A1/b_l475e_iot01a1.c:201:9:BSP_LED_GetState	16	static
../Drivers/BSP/B-L475E-IOT01A1/b_l475e_iot01a1.c:209:13:LED_USER_GPIO_Init	40	static
../Drivers/BSP/B-L475E-IOT01A1/b_l475e_iot01a1.c:243:9:BSP_PB_Init	24	static
../Drivers/BSP/B-L475E-IOT01A1/b_l475e_iot01a1.c:283:9:BSP_PB_DeInit	40	static
../Drivers/BSP/B-L475E-IOT01A1/b_l475e_iot01a1.c:301:9:BSP_PB_GetState	16	static
../Drivers/BSP/B-L475E-IOT01A1/b_l475e_iot01a1.c:310:6:BSP_PB_IRQHandler	16	static
../Drivers/BSP/B-L475E-IOT01A1/b_l475e_iot01a1.c:320:13:BSP_PB_Callback	16	static
../Drivers/BSP/B-L475E-IOT01A1/b_l475e_iot01a1.c:333:13:BUTTON_USER_EXTI_Callback	8	static
../Drivers/BSP/B-L475E-IOT01A1/b_l475e_iot01a1.c:342:13:BUTTON_USER_GPIO_Init	40	static
../Drivers/BSP/B-L475E-IOT01A1/b_l475e_iot01a1.c:365:6:SENSOR_IO_Init	8	static
../Drivers/BSP/B-L475E-IOT01A1/b_l475e_iot01a1.c:374:6:SENSOR_IO_DeInit	8	static
../Drivers/BSP/B-L475E-IOT01A1/b_l475e_iot01a1.c:386:6:SENSOR_IO_Write	24	static
../Drivers/BSP/B-L475E-IOT01A1/b_l475e_iot01a1.c:397:9:SENSOR_IO_Read	32	static
../Drivers/BSP/B-L475E-IOT01A1/b_l475e_iot01a1.c:415:10:SENSOR_IO_ReadMultiple	24	static
../Drivers/BSP/B-L475E-IOT01A1/b_l475e_iot01a1.c:429:6:SENSOR_IO_WriteMultiple	24	static
../Drivers/BSP/B-L475E-IOT01A1/b_l475e_iot01a1.c:441:19:SENSOR_IO_IsDeviceReady	16	static
../Drivers/BSP/B-L475E-IOT01A1/b_l475e_iot01a1.c:452:6:SENSOR_IO_Delay	16	static
../Drivers/BSP/B-L475E-IOT01A1/b_l475e_iot01a1.c:461:13:I2Cx_MspDeInit	40	static
../Drivers/BSP/B-L475E-IOT01A1/b_l475e_iot01a1.c:480:13:I2Cx_Init	16	static
../Drivers/BSP/B-L475E-IOT01A1/b_l475e_iot01a1.c:502:13:I2Cx_MspInit	48	static
../Drivers/BSP/B-L475E-IOT01A1/b_l475e_iot01a1.c:543:13:I2Cx_DeInit	16	static
../Drivers/BSP/B-L475E-IOT01A1/b_l475e_iot01a1.c:559:26:I2Cx_ReadMultiple	48	static
../Drivers/BSP/B-L475E-IOT01A1/b_l475e_iot01a1.c:584:26:I2Cx_WriteMultiple	48	static
../Drivers/BSP/B-L475E-IOT01A1/b_l475e_iot01a1.c:607:26:I2Cx_IsDeviceReady	24	static
../Drivers/BSP/B-L475E-IOT01A1/b_l475e_iot01a1.c:618:13:I2Cx_Error	16	static
