../Core/Src/main.c:129:6:Add_Acc_Service	56	static
../Core/Src/main.c:178:6:Update_Accel_Char	32	static
../Core/Src/main.c:193:6:Send_Action	16	static
../Core/Src/main.c:199:6:Attribute_Modified_CB	16	static
../Core/Src/main.c:217:5:__io_putchar	16	static
../Core/Src/main.c:229:5:main	72	static
../Core/Src/main.c:326:6:SystemClock_Config	96	static
../Core/Src/main.c:387:13:MX_DFSDM1_Init	8	static
../Core/Src/main.c:425:13:MX_I2C2_Init	8	static
../Core/Src/main.c:473:13:MX_QUADSPI_Init	8	static
../Core/Src/main.c:506:13:MX_USART1_UART_Init	8	static
../Core/Src/main.c:541:13:MX_USART3_UART_Init	8	static
../Core/Src/main.c:576:13:MX_USB_OTG_FS_PCD_Init	8	static
../Core/Src/main.c:611:13:MX_GPIO_Init	48	static
../Core/Src/main.c:804:6:StartDefaultTask	24	static
../Core/Src/main.c:832:6:StartTaskBLE	16	static
../Core/Src/main.c:868:6:StartTaskACC	56	static
../Core/Src/main.c:985:6:HAL_TIM_PeriodElapsedCallback	16	static
../Core/Src/main.c:1003:6:Error_Handler	4	static,ignoring_inline_asm
