../Core/Src/main.c:86:5:__io_putchar	16	static
../Core/Src/main.c:98:5:main	72	static
../Core/Src/main.c:188:6:SystemClock_Config	96	static
../Core/Src/main.c:249:13:MX_DFSDM1_Init	8	static
../Core/Src/main.c:287:13:MX_I2C2_Init	8	static
../Core/Src/main.c:335:13:MX_QUADSPI_Init	8	static
../Core/Src/main.c:368:13:MX_USART1_UART_Init	8	static
../Core/Src/main.c:403:13:MX_USART3_UART_Init	8	static
../Core/Src/main.c:438:13:MX_USB_OTG_FS_PCD_Init	8	static
../Core/Src/main.c:473:13:MX_GPIO_Init	48	static
../Core/Src/main.c:666:6:StartDefaultTask	24	static
../Core/Src/main.c:694:6:StartTaskBLE	24	static
../Core/Src/main.c:725:6:StartTaskACC	16	static
../Core/Src/main.c:743:6:HAL_TIM_PeriodElapsedCallback	16	static
../Core/Src/main.c:761:6:Error_Handler	4	static,ignoring_inline_asm
