../Drivers/CMSIS/Include/core_cm4.h:1906:22:__NVIC_SetVector	24	static
../Core/Src/main.c:102:5:__io_putchar	16	static
../Core/Src/main.c:107:6:HAL_ADC_MspInit	24	static
../Core/Src/main.c:118:6:HAL_ADC_MspDeInit	16	static
../Core/Src/main.c:128:6:ADC1_Init	48	static
../Core/Src/main.c:183:6:DMA1_Channel1_IRQHandler	8	static
../Core/Src/main.c:189:6:ADC1_DMA1CH1_init	16	static
../Core/Src/main.c:216:6:HAL_ADC_ConvCpltCallback	24	static
../Core/Src/main.c:227:6:HAL_ADC_ConvHalfCpltCallback	24	static
../Core/Src/main.c:238:6:HAL_TIM_Base_MspInit	24	static
../Core/Src/main.c:246:6:HAL_TIM_Base_MspDeInit	16	static
../Core/Src/main.c:255:13:TIM1_Init	40	static
../Core/Src/main.c:289:5:main	8	static
../Core/Src/main.c:385:6:SystemClock_Config	96	static
../Core/Src/main.c:446:13:MX_DFSDM1_Init	8	static
../Core/Src/main.c:484:13:MX_I2C2_Init	8	static
../Core/Src/main.c:532:13:MX_QUADSPI_Init	8	static
../Core/Src/main.c:565:13:MX_SPI3_Init	8	static
../Core/Src/main.c:605:13:MX_USART1_UART_Init	8	static
../Core/Src/main.c:640:13:MX_USART3_UART_Init	8	static
../Core/Src/main.c:675:13:MX_USB_OTG_FS_PCD_Init	8	static
../Core/Src/main.c:710:13:MX_GPIO_Init	48	static
../Core/Src/main.c:909:6:StartDefaultTask	32	static
../Core/Src/main.c:939:6:Error_Handler	4	static,ignoring_inline_asm
